// Vitest Snapshot v1, https://vitest.dev/guide/snapshot.html

exports[`verify > should find errors > error.log 1`] = `""`;

exports[`verify > should find errors > logs.log 1`] = `
"
[1mVerification Report[0m

Issues found:
  Total Invalid Files: 2
  Total Deep Imports: 1
  Total Dependency Rule Violations: 1
----------------------------------

|-- src/main.ts
|   |-- Deep Imports
|   |   |-- ./customers/data
|-- src/holidays/holidays.component.ts
|   |-- Dependency Rule Violations
|   |   |-- from tags holidays to customers"
`;

exports[`verify > should find no errors > error 1`] = `""`;

exports[`verify > should find no errors > log 1`] = `
"
[1mVerification Report[0m

[32mNo issues found. Well done!"
`;

exports[`verify > should show user errors > error 1`] = `"cannot find a placeholder for \\"domain\\" in tag configuration. Module: /project/src/holidays"`;

exports[`verify > should show user errors > log 1`] = `""`;
