{
  "src/main.ts": {
    "module": ".",
    "tags": [
      "root"
    ],
    "imports": [
      "src/app/app.component.ts",
      "src/app/shared/config/index.ts",
      "src/app/shared/http/index.ts",
      "src/app/shared/ui-messaging/index.ts",
      "src/app/shared/security/index.ts",
      "src/app/shared/master-data/index.ts",
      "src/app/app.routes.ts",
      "src/environments/environment.ts"
    ]
  },
  "src/app/app.component.ts": {
    "module": ".",
    "tags": [
      "root"
    ],
    "imports": [
      "src/app/shell/sidemenu/sidemenu.component.ts",
      "src/app/shell/header/header.component.ts",
      "src/app/shared/ui-messaging/index.ts"
    ]
  },
  "src/app/shell/sidemenu/sidemenu.component.ts": {
    "module": ".",
    "tags": [
      "root"
    ],
    "imports": [
      "src/app/shared/security/index.ts"
    ]
  },
  "src/app/shared/security/index.ts": {
    "module": "src/app/shared/security",
    "tags": [
      "shared",
      "shared:security"
    ],
    "imports": [
      "src/app/shared/security/security.provider.ts",
      "src/app/shared/security/security.service.ts"
    ]
  },
  "src/app/shared/security/security.provider.ts": {
    "module": "src/app/shared/security",
    "tags": [
      "shared",
      "shared:security"
    ],
    "imports": [
      "src/app/shared/security/security.effects.ts",
      "src/app/shared/security/security.reducer.ts"
    ]
  },
  "src/app/shared/security/security.effects.ts": {
    "module": "src/app/shared/security",
    "tags": [
      "shared",
      "shared:security"
    ],
    "imports": [
      "src/app/shared/security/security.actions.ts",
      "src/app/shared/security/security.reducer.ts"
    ]
  },
  "src/app/shared/security/security.actions.ts": {
    "module": "src/app/shared/security",
    "tags": [
      "shared",
      "shared:security"
    ],
    "imports": [
      "src/app/shared/security/security.reducer.ts"
    ]
  },
  "src/app/shared/security/security.reducer.ts": {
    "module": "src/app/shared/security",
    "tags": [
      "shared",
      "shared:security"
    ],
    "imports": [
      "src/app/shared/security/security.actions.ts"
    ]
  },
  "src/app/shared/security/security.service.ts": {
    "module": "src/app/shared/security",
    "tags": [
      "shared",
      "shared:security"
    ],
    "imports": [
      "src/app/shared/security/security.actions.ts",
      "src/app/shared/security/security.reducer.ts",
      "src/app/shared/security/security.selectors.ts"
    ]
  },
  "src/app/shared/security/security.selectors.ts": {
    "module": "src/app/shared/security",
    "tags": [
      "shared",
      "shared:security"
    ],
    "imports": [
      "src/app/shared/security/security.reducer.ts"
    ]
  },
  "src/app/shell/header/header.component.ts": {
    "module": ".",
    "tags": [
      "root"
    ],
    "imports": [
      "src/app/shared/security/index.ts"
    ]
  },
  "src/app/shared/ui-messaging/index.ts": {
    "module": "src/app/shared/ui-messaging",
    "tags": [
      "shared",
      "shared:ui-messaging"
    ],
    "imports": [
      "src/app/shared/ui-messaging/shared-ui-messaging.provider.ts",
      "src/app/shared/ui-messaging/loader/loader.component.ts",
      "src/app/shared/ui-messaging/loader/loading.service.ts",
      "src/app/shared/ui-messaging/loader/loading.interceptor.ts",
      "src/app/shared/ui-messaging/message/message.service.ts",
      "src/app/shared/ui-messaging/message/message.component.ts"
    ]
  },
  "src/app/shared/ui-messaging/shared-ui-messaging.provider.ts": {
    "module": "src/app/shared/ui-messaging",
    "tags": [
      "shared",
      "shared:ui-messaging"
    ],
    "imports": [
      "src/app/shared/ui-messaging/loader/loading.interceptor.ts"
    ]
  },
  "src/app/shared/ui-messaging/loader/loading.interceptor.ts": {
    "module": "src/app/shared/ui-messaging",
    "tags": [
      "shared",
      "shared:ui-messaging"
    ],
    "imports": [
      "src/app/shared/ui-messaging/loader/loading.service.ts",
      "src/app/shared/ui-messaging/loader/silent-load.context.ts"
    ]
  },
  "src/app/shared/ui-messaging/loader/loading.service.ts": {
    "module": "src/app/shared/ui-messaging",
    "tags": [
      "shared",
      "shared:ui-messaging"
    ],
    "imports": []
  },
  "src/app/shared/ui-messaging/loader/silent-load.context.ts": {
    "module": "src/app/shared/ui-messaging",
    "tags": [
      "shared",
      "shared:ui-messaging"
    ],
    "imports": []
  },
  "src/app/shared/ui-messaging/loader/loader.component.ts": {
    "module": "src/app/shared/ui-messaging",
    "tags": [
      "shared",
      "shared:ui-messaging"
    ],
    "imports": [
      "src/app/shared/ui-messaging/loader/loading.service.ts"
    ]
  },
  "src/app/shared/ui-messaging/message/message.service.ts": {
    "module": "src/app/shared/ui-messaging",
    "tags": [
      "shared",
      "shared:ui-messaging"
    ],
    "imports": [
      "src/app/shared/ui-messaging/message/message.store.ts",
      "src/app/shared/ui-messaging/message/confirmation.component.ts"
    ]
  },
  "src/app/shared/ui-messaging/message/message.store.ts": {
    "module": "src/app/shared/ui-messaging",
    "tags": [
      "shared",
      "shared:ui-messaging"
    ],
    "imports": [
      "src/app/shared/ui-messaging/message/message.ts"
    ]
  },
  "src/app/shared/ui-messaging/message/message.ts": {
    "module": "src/app/shared/ui-messaging",
    "tags": [
      "shared",
      "shared:ui-messaging"
    ],
    "imports": []
  },
  "src/app/shared/ui-messaging/message/confirmation.component.ts": {
    "module": "src/app/shared/ui-messaging",
    "tags": [
      "shared",
      "shared:ui-messaging"
    ],
    "imports": []
  },
  "src/app/shared/ui-messaging/message/message.component.ts": {
    "module": "src/app/shared/ui-messaging",
    "tags": [
      "shared",
      "shared:ui-messaging"
    ],
    "imports": [
      "src/app/shared/ui-messaging/message/message.ts",
      "src/app/shared/ui-messaging/message/message.store.ts"
    ]
  },
  "src/app/shared/config/index.ts": {
    "module": "src/app/shared/config",
    "tags": [
      "shared",
      "shared:config"
    ],
    "imports": [
      "src/app/shared/config/configuration.ts"
    ]
  },
  "src/app/shared/config/configuration.ts": {
    "module": "src/app/shared/config",
    "tags": [
      "shared",
      "shared:config"
    ],
    "imports": []
  },
  "src/app/shared/http/index.ts": {
    "module": "src/app/shared/http",
    "tags": [
      "shared",
      "shared:http"
    ],
    "imports": [
      "src/app/shared/http/error.interceptor.ts",
      "src/app/shared/http/base-url.interceptor.ts",
      "src/app/shared/http/with-error-message-context.ts"
    ]
  },
  "src/app/shared/http/error.interceptor.ts": {
    "module": "src/app/shared/http",
    "tags": [
      "shared",
      "shared:http"
    ],
    "imports": [
      "src/app/shared/ui-messaging/index.ts",
      "src/app/shared/http/error-message.context.ts"
    ]
  },
  "src/app/shared/http/error-message.context.ts": {
    "module": "src/app/shared/http",
    "tags": [
      "shared",
      "shared:http"
    ],
    "imports": []
  },
  "src/app/shared/http/base-url.interceptor.ts": {
    "module": "src/app/shared/http",
    "tags": [
      "shared",
      "shared:http"
    ],
    "imports": [
      "src/app/shared/config/index.ts"
    ]
  },
  "src/app/shared/http/with-error-message-context.ts": {
    "module": "src/app/shared/http",
    "tags": [
      "shared",
      "shared:http"
    ],
    "imports": [
      "src/app/shared/http/error-message.context.ts"
    ]
  },
  "src/app/shared/master-data/index.ts": {
    "module": "src/app/shared/master-data",
    "tags": [
      "shared",
      "shared:master-data"
    ],
    "imports": [
      "src/app/shared/master-data/shared-master-data.provider.ts",
      "src/app/shared/master-data/+state/master.reducer.ts"
    ]
  },
  "src/app/shared/master-data/shared-master-data.provider.ts": {
    "module": "src/app/shared/master-data",
    "tags": [
      "shared",
      "shared:master-data"
    ],
    "imports": [
      "src/app/shared/master-data/+state/master.reducer.ts"
    ]
  },
  "src/app/shared/master-data/+state/master.reducer.ts": {
    "module": "src/app/shared/master-data",
    "tags": [
      "shared",
      "shared:master-data"
    ],
    "imports": []
  },
  "src/app/app.routes.ts": {
    "module": ".",
    "tags": [
      "root"
    ],
    "imports": [
      "src/app/shell/services/user-loader.guard.ts",
      "src/app/shell/home.component.ts",
      "src/app/customers/feature/index.ts",
      "src/app/bookings/index.ts",
      "src/app/holidays/feature/index.ts"
    ]
  },
  "src/app/shell/services/user-loader.guard.ts": {
    "module": ".",
    "tags": [
      "root"
    ],
    "imports": [
      "src/app/shared/security/index.ts"
    ]
  },
  "src/app/shell/home.component.ts": {
    "module": ".",
    "tags": [
      "root"
    ],
    "imports": []
  },
  "src/app/customers/feature/index.ts": {
    "module": "src/app/customers/feature",
    "tags": [
      "domain:customers",
      "type:feature"
    ],
    "imports": [
      "src/app/customers/feature/customers.routes.ts"
    ]
  },
  "src/app/customers/feature/customers.routes.ts": {
    "module": "src/app/customers/feature",
    "tags": [
      "domain:customers",
      "type:feature"
    ],
    "imports": [
      "src/app/customers/feature/components/add-customer.component.ts",
      "src/app/customers/feature/components/customers-container.component.ts",
      "src/app/customers/feature/components/edit-customer.component.ts",
      "src/app/customers/feature/services/data.guard.ts",
      "src/app/customers/feature/components/customers-root/customers-root.component.ts",
      "src/app/customers/data/index.ts"
    ]
  },
  "src/app/customers/feature/components/add-customer.component.ts": {
    "module": "src/app/customers/feature",
    "tags": [
      "domain:customers",
      "type:feature"
    ],
    "imports": [
      "src/app/customers/model/index.ts",
      "src/app/shared/master-data/index.ts",
      "src/app/customers/ui/index.ts",
      "src/app/customers/data/index.ts"
    ]
  },
  "src/app/customers/model/index.ts": {
    "module": "src/app/customers/model",
    "tags": [
      "domain:customers",
      "type:model"
    ],
    "imports": [
      "src/app/customers/model/customer.ts"
    ]
  },
  "src/app/customers/model/customer.ts": {
    "module": "src/app/customers/model",
    "tags": [
      "domain:customers",
      "type:model"
    ],
    "imports": []
  },
  "src/app/customers/ui/index.ts": {
    "module": "src/app/customers/ui",
    "tags": [
      "domain:customers",
      "type:ui"
    ],
    "imports": [
      "src/app/customers/ui/customer/customer.component.ts",
      "src/app/customers/ui/customers/customers.component.ts"
    ]
  },
  "src/app/customers/ui/customer/customer.component.ts": {
    "module": "src/app/customers/ui",
    "tags": [
      "domain:customers",
      "type:ui"
    ],
    "imports": [
      "src/app/shared/form/index.ts",
      "src/app/customers/model/index.ts",
      "src/app/shared/form/index.ts"
    ]
  },
  "src/app/shared/form/index.ts": {
    "module": "src/app/shared/form",
    "tags": [
      "shared",
      "shared:form"
    ],
    "imports": [
      "src/app/shared/form/options.ts",
      "src/app/shared/form/form-errors.component.ts"
    ]
  },
  "src/app/shared/form/options.ts": {
    "module": "src/app/shared/form",
    "tags": [
      "shared",
      "shared:form"
    ],
    "imports": []
  },
  "src/app/shared/form/form-errors.component.ts": {
    "module": "src/app/shared/form",
    "tags": [
      "shared",
      "shared:form"
    ],
    "imports": []
  },
  "src/app/customers/ui/customers/customers.component.ts": {
    "module": "src/app/customers/ui",
    "tags": [
      "domain:customers",
      "type:ui"
    ],
    "imports": [
      "src/app/customers/model/index.ts",
      "src/app/customers/ui/customer.pipe.ts"
    ]
  },
  "src/app/customers/ui/customer.pipe.ts": {
    "module": "src/app/customers/ui",
    "tags": [
      "domain:customers",
      "type:ui"
    ],
    "imports": [
      "src/app/customers/model/index.ts"
    ]
  },
  "src/app/customers/data/index.ts": {
    "module": "src/app/customers/data",
    "tags": [
      "domain:customers",
      "type:data"
    ],
    "imports": [
      "src/app/customers/data/customers-repository.service.ts",
      "src/app/customers/data/provide-customers.ts"
    ]
  },
  "src/app/customers/data/customers-repository.service.ts": {
    "module": "src/app/customers/data",
    "tags": [
      "domain:customers",
      "type:data"
    ],
    "imports": [
      "src/app/customers/data/customers.actions.ts",
      "src/app/customers/model/index.ts",
      "src/app/customers/data/customers.selectors.ts"
    ]
  },
  "src/app/customers/data/customers.actions.ts": {
    "module": "src/app/customers/data",
    "tags": [
      "domain:customers",
      "type:data"
    ],
    "imports": [
      "src/app/customers/model/index.ts"
    ]
  },
  "src/app/customers/data/customers.selectors.ts": {
    "module": "src/app/customers/data",
    "tags": [
      "domain:customers",
      "type:data"
    ],
    "imports": [
      "src/app/customers/model/index.ts",
      "src/app/customers/data/customers.reducer.ts"
    ]
  },
  "src/app/customers/data/customers.reducer.ts": {
    "module": "src/app/customers/data",
    "tags": [
      "domain:customers",
      "type:data"
    ],
    "imports": [
      "src/app/customers/model/index.ts",
      "src/app/customers/data/customers.actions.ts"
    ]
  },
  "src/app/customers/data/provide-customers.ts": {
    "module": "src/app/customers/data",
    "tags": [
      "domain:customers",
      "type:data"
    ],
    "imports": [
      "src/app/customers/data/customers.reducer.ts",
      "src/app/customers/data/customers.effects.ts"
    ]
  },
  "src/app/customers/data/customers.effects.ts": {
    "module": "src/app/customers/data",
    "tags": [
      "domain:customers",
      "type:data"
    ],
    "imports": [
      "src/app/customers/model/index.ts",
      "src/app/shared/ui-messaging/index.ts",
      "src/app/customers/data/customers.actions.ts"
    ]
  },
  "src/app/customers/feature/components/customers-container.component.ts": {
    "module": "src/app/customers/feature",
    "tags": [
      "domain:customers",
      "type:feature"
    ],
    "imports": [
      "src/app/customers/ui/index.ts",
      "src/app/customers/data/index.ts"
    ]
  },
  "src/app/customers/feature/components/edit-customer.component.ts": {
    "module": "src/app/customers/feature",
    "tags": [
      "domain:customers",
      "type:feature"
    ],
    "imports": [
      "src/app/customers/model/index.ts",
      "src/app/customers/ui/index.ts",
      "src/app/shared/form/index.ts",
      "src/app/shared/master-data/index.ts",
      "src/app/customers/data/index.ts"
    ]
  },
  "src/app/customers/feature/services/data.guard.ts": {
    "module": "src/app/customers/feature",
    "tags": [
      "domain:customers",
      "type:feature"
    ],
    "imports": [
      "src/app/customers/data/index.ts"
    ]
  },
  "src/app/customers/feature/components/customers-root/customers-root.component.ts": {
    "module": "src/app/customers/feature",
    "tags": [
      "domain:customers",
      "type:feature"
    ],
    "imports": []
  },
  "src/app/bookings/index.ts": {
    "module": "src/app/bookings",
    "tags": [
      "domain:bookings",
      "type:feature"
    ],
    "imports": [
      "src/app/bookings/bookings.routes.ts"
    ]
  },
  "src/app/bookings/bookings.routes.ts": {
    "module": "src/app/bookings",
    "tags": [
      "domain:bookings",
      "type:feature"
    ],
    "imports": [
      "src/app/bookings/+state/bookings.reducer.ts",
      "src/app/bookings/overview/overview.component.ts",
      "src/app/bookings/+state/bookings.effects.ts"
    ]
  },
  "src/app/bookings/+state/bookings.reducer.ts": {
    "module": "src/app/bookings",
    "tags": [
      "domain:bookings",
      "type:feature"
    ],
    "imports": [
      "src/app/bookings/+state/bookings.actions.ts"
    ]
  },
  "src/app/bookings/+state/bookings.actions.ts": {
    "module": "src/app/bookings",
    "tags": [
      "domain:bookings",
      "type:feature"
    ],
    "imports": [
      "src/app/bookings/+state/bookings.reducer.ts"
    ]
  },
  "src/app/bookings/overview/overview.component.ts": {
    "module": "src/app/bookings",
    "tags": [
      "domain:bookings",
      "type:feature"
    ],
    "imports": [
      "src/app/bookings/+state/bookings.reducer.ts",
      "src/app/bookings/+state/bookings.selectors.ts",
      "src/app/bookings/+state/bookings.actions.ts",
      "src/app/customers/api/index.ts",
      "src/app/shared/ngrx-utils/index.ts"
    ]
  },
  "src/app/bookings/+state/bookings.selectors.ts": {
    "module": "src/app/bookings",
    "tags": [
      "domain:bookings",
      "type:feature"
    ],
    "imports": [
      "src/app/bookings/+state/bookings.reducer.ts"
    ]
  },
  "src/app/customers/api/index.ts": {
    "module": "src/app/customers/api",
    "tags": [
      "type:api",
      "domain:customers:api"
    ],
    "imports": [
      "src/app/customers/data/index.ts"
    ]
  },
  "src/app/shared/ngrx-utils/index.ts": {
    "module": "src/app/shared/ngrx-utils",
    "tags": [
      "shared",
      "shared:ngrx-utils"
    ],
    "imports": [
      "src/app/shared/ngrx-utils/noop.action.ts",
      "src/app/shared/ngrx-utils/safe-concat-map.ts",
      "src/app/shared/ngrx-utils/filter-defined.ts",
      "src/app/shared/ngrx-utils/deep-clone.ts",
      "src/app/shared/ngrx-utils/load-status.ts"
    ]
  },
  "src/app/shared/ngrx-utils/noop.action.ts": {
    "module": "src/app/shared/ngrx-utils",
    "tags": [
      "shared",
      "shared:ngrx-utils"
    ],
    "imports": []
  },
  "src/app/shared/ngrx-utils/safe-concat-map.ts": {
    "module": "src/app/shared/ngrx-utils",
    "tags": [
      "shared",
      "shared:ngrx-utils"
    ],
    "imports": [
      "src/app/shared/ngrx-utils/noop.action.ts"
    ]
  },
  "src/app/shared/ngrx-utils/filter-defined.ts": {
    "module": "src/app/shared/ngrx-utils",
    "tags": [
      "shared",
      "shared:ngrx-utils"
    ],
    "imports": [
      "src/app/shared/util/index.ts"
    ]
  },
  "src/app/shared/util/index.ts": {
    "module": "src/app/shared/util",
    "tags": [
      "shared",
      "shared:util"
    ],
    "imports": [
      "src/app/shared/util/assert-defined.ts",
      "src/app/shared/util/is-defined.ts",
      "src/app/shared/util/safe-assign.ts"
    ]
  },
  "src/app/shared/util/assert-defined.ts": {
    "module": "src/app/shared/util",
    "tags": [
      "shared",
      "shared:util"
    ],
    "imports": []
  },
  "src/app/shared/util/is-defined.ts": {
    "module": "src/app/shared/util",
    "tags": [
      "shared",
      "shared:util"
    ],
    "imports": []
  },
  "src/app/shared/util/safe-assign.ts": {
    "module": "src/app/shared/util",
    "tags": [
      "shared",
      "shared:util"
    ],
    "imports": []
  },
  "src/app/shared/ngrx-utils/deep-clone.ts": {
    "module": "src/app/shared/ngrx-utils",
    "tags": [
      "shared",
      "shared:ngrx-utils"
    ],
    "imports": []
  },
  "src/app/shared/ngrx-utils/load-status.ts": {
    "module": "src/app/shared/ngrx-utils",
    "tags": [
      "shared",
      "shared:ngrx-utils"
    ],
    "imports": []
  },
  "src/app/bookings/+state/bookings.effects.ts": {
    "module": "src/app/bookings",
    "tags": [
      "domain:bookings",
      "type:feature"
    ],
    "imports": [
      "src/app/bookings/+state/bookings.actions.ts",
      "src/app/bookings/+state/bookings.reducer.ts",
      "src/app/customers/api/index.ts"
    ]
  },
  "src/app/holidays/feature/index.ts": {
    "module": "src/app/holidays/feature",
    "tags": [
      "domain:holidays",
      "type:feature"
    ],
    "imports": [
      "src/app/holidays/feature/holidays.routes.ts",
      "src/app/holidays/feature/address-lookuper.service.ts"
    ]
  },
  "src/app/holidays/feature/holidays.routes.ts": {
    "module": "src/app/holidays/feature",
    "tags": [
      "domain:holidays",
      "type:feature"
    ],
    "imports": [
      "src/app/holidays/feature/+state/holidays.effects.ts",
      "src/app/holidays/feature/+state/holidays.reducer.ts",
      "src/app/holidays/feature/holidays/holidays.component.ts",
      "src/app/holidays/feature/request-info/request-info.component.ts"
    ]
  },
  "src/app/holidays/feature/+state/holidays.effects.ts": {
    "module": "src/app/holidays/feature",
    "tags": [
      "domain:holidays",
      "type:feature"
    ],
    "imports": [
      "src/app/holidays/model/index.ts",
      "src/app/shared/config/index.ts",
      "src/app/holidays/feature/+state/holidays.actions.ts"
    ]
  },
  "src/app/holidays/model/index.ts": {
    "module": "src/app/holidays/model",
    "tags": [
      "domain:holidays",
      "type:model"
    ],
    "imports": [
      "src/app/holidays/model/holiday.ts"
    ]
  },
  "src/app/holidays/model/holiday.ts": {
    "module": "src/app/holidays/model",
    "tags": [
      "domain:holidays",
      "type:model"
    ],
    "imports": []
  },
  "src/app/holidays/feature/+state/holidays.actions.ts": {
    "module": "src/app/holidays/feature",
    "tags": [
      "domain:holidays",
      "type:feature"
    ],
    "imports": [
      "src/app/holidays/model/index.ts"
    ]
  },
  "src/app/holidays/feature/+state/holidays.reducer.ts": {
    "module": "src/app/holidays/feature",
    "tags": [
      "domain:holidays",
      "type:feature"
    ],
    "imports": [
      "src/app/holidays/model/index.ts",
      "src/app/holidays/feature/+state/holidays.actions.ts"
    ]
  },
  "src/app/holidays/feature/holidays/holidays.component.ts": {
    "module": "src/app/holidays/feature",
    "tags": [
      "domain:holidays",
      "type:feature"
    ],
    "imports": [
      "src/app/holidays/feature/+state/holidays.actions.ts",
      "src/app/holidays/feature/+state/holidays.selectors.ts",
      "src/app/holidays/model/index.ts",
      "src/app/holidays/ui/index.ts"
    ]
  },
  "src/app/holidays/feature/+state/holidays.selectors.ts": {
    "module": "src/app/holidays/feature",
    "tags": [
      "domain:holidays",
      "type:feature"
    ],
    "imports": [
      "src/app/holidays/feature/+state/holidays.reducer.ts"
    ]
  },
  "src/app/holidays/ui/index.ts": {
    "module": "src/app/holidays/ui",
    "tags": [
      "domain:holidays",
      "type:ui"
    ],
    "imports": [
      "src/app/holidays/ui/holiday-card/holiday-card.component.ts"
    ]
  },
  "src/app/holidays/ui/holiday-card/holiday-card.component.ts": {
    "module": "src/app/holidays/ui",
    "tags": [
      "domain:holidays",
      "type:ui"
    ],
    "imports": [
      "src/app/holidays/model/index.ts",
      "src/app/shared/ui/index.ts"
    ]
  },
  "src/app/shared/ui/index.ts": {
    "module": "src/app/shared/ui",
    "tags": [
      "shared",
      "shared:ui"
    ],
    "imports": [
      "src/app/shared/ui/blinker.directive.ts"
    ]
  },
  "src/app/shared/ui/blinker.directive.ts": {
    "module": "src/app/shared/ui",
    "tags": [
      "shared",
      "shared:ui"
    ],
    "imports": []
  },
  "src/app/holidays/feature/request-info/request-info.component.ts": {
    "module": "src/app/holidays/feature",
    "tags": [
      "domain:holidays",
      "type:feature"
    ],
    "imports": [
      "src/app/holidays/feature/address-lookuper.service.ts",
      "src/app/shared/util/index.ts"
    ]
  },
  "src/app/holidays/feature/address-lookuper.service.ts": {
    "module": "src/app/holidays/feature",
    "tags": [
      "domain:holidays",
      "type:feature"
    ],
    "imports": [
      "src/app/holidays/feature/parse-address.ts"
    ]
  },
  "src/app/holidays/feature/parse-address.ts": {
    "module": "src/app/holidays/feature",
    "tags": [
      "domain:holidays",
      "type:feature"
    ],
    "imports": [
      "src/app/holidays/feature/address.ts"
    ]
  },
  "src/app/holidays/feature/address.ts": {
    "module": "src/app/holidays/feature",
    "tags": [
      "domain:holidays",
      "type:feature"
    ],
    "imports": []
  },
  "src/environments/environment.ts": {
    "module": ".",
    "tags": [
      "root"
    ],
    "imports": []
  }
}
