[
  {
    "filePath": "./tests/different-file-extension-imports.ts",
    "messages": [
      {
        "ruleId": "@softarc/sheriff/dependency-rule",
        "severity": 2,
        "message": "import ./style.scss cannot be resolved",
        "line": 1,
        "column": 1,
        "nodeType": "ImportDeclaration",
        "endLine": 1,
        "endColumn": 23
      },
      {
        "ruleId": "@softarc/sheriff/encapsulation",
        "severity": 2,
        "message": "import ./style.scss cannot be resolved",
        "line": 1,
        "column": 1,
        "nodeType": "ImportDeclaration",
        "endLine": 1,
        "endColumn": 23
      },
      {
        "ruleId": "@softarc/sheriff/dependency-rule",
        "severity": 2,
        "message": "import ./info.md cannot be resolved",
        "line": 2,
        "column": 1,
        "nodeType": "ImportDeclaration",
        "endLine": 2,
        "endColumn": 20
      },
      {
        "ruleId": "@softarc/sheriff/encapsulation",
        "severity": 2,
        "message": "import ./info.md cannot be resolved",
        "line": 2,
        "column": 1,
        "nodeType": "ImportDeclaration",
        "endLine": 2,
        "endColumn": 20
      },
      {
        "ruleId": "@softarc/sheriff/dependency-rule",
        "severity": 2,
        "message": "import logo.jpg cannot be resolved",
        "line": 3,
        "column": 1,
        "nodeType": "ImportDeclaration",
        "endLine": 3,
        "endColumn": 19
      },
      {
        "ruleId": "@softarc/sheriff/encapsulation",
        "severity": 2,
        "message": "import logo.jpg cannot be resolved",
        "line": 3,
        "column": 1,
        "nodeType": "ImportDeclaration",
        "endLine": 3,
        "endColumn": 19
      }
    ],
    "suppressedMessages": [],
    "errorCount": 6,
    "fatalErrorCount": 0,
    "warningCount": 0,
    "fixableErrorCount": 0,
    "fixableWarningCount": 0,
    "source": "import './style.scss';\nimport './info.md';\nimport 'logo.jpg';\n",
    "usedDeprecatedRules": []
  }
]