// Vitest Snapshot v1, https://vitest.dev/guide/snapshot.html

exports[`json reporter > should create a json-file in /.sheriff/project/violations.json 1`] = `
"{
  "totalEncapsulationViolations": 0,
  "totalViolatedFiles": 0,
  "totalDependencyRuleViolations": 2,
  "hasError": true,
  "violations": [
    {
      "filePath": "/project/customers/feature/feature.ts",
      "encapsulations": [],
      "dependencyRules": [],
      "dependencyRuleViolations": [
        {
          "rawImport": "@eternal/shared/master-data",
          "fromModulePath": "/project/customers/feature",
          "toModulePath": "/project/shared/master-data",
          "fromTag": "domain:customers",
          "toTags": [
            "shared:master-data"
          ]
        }
      ]
    },
    {
      "filePath": "/project/customers/ui/ui.ts",
      "encapsulations": [],
      "dependencyRules": [],
      "dependencyRuleViolations": [
        {
          "rawImport": "@eternal/shared/form",
          "fromModulePath": "/project/customers/ui",
          "toModulePath": "/project/app/shared/form",
          "fromTag": "domain:customers",
          "toTags": [
            "shared:form"
          ]
        }
      ]
    }
  ]
}"
`;
