This project contains 19 modules:

. (root)
â””â”€â”€ src
  â””â”€â”€ app
    â”œâ”€â”€ [1mbookings[0m (domain:bookings, type:feature)
    â”œâ”€â”€ customers
      â”œâ”€â”€ [1mapi[0m (type:api, domain:customers:api)
      â”œâ”€â”€ [1mdata[0m (domain:customers, type:data)
      â”œâ”€â”€ [1mfeature[0m (domain:customers, type:feature)
      â”œâ”€â”€ [1mmodel[0m (domain:customers, type:model)
      â””â”€â”€ [1mui[0m (domain:customers, type:ui)
    â”œâ”€â”€ holidays
      â”œâ”€â”€ [1mfeature[0m (domain:holidays, type:feature)
      â”œâ”€â”€ [1mmodel[0m (domain:holidays, type:model)
      â””â”€â”€ [1mui[0m (domain:holidays, type:ui)
    â””â”€â”€ shared
      â”œâ”€â”€ [1mconfig[0m (shared, shared:config)
      â”œâ”€â”€ [1mform[0m (shared, shared:form)
      â”œâ”€â”€ [1mhttp[0m (shared, shared:http)
      â”œâ”€â”€ [1mmaster-data[0m (shared, shared:master-data)
      â”œâ”€â”€ [1mngrx-utils[0m (shared, shared:ngrx-utils)
      â”œâ”€â”€ [1msecurity[0m (shared, shared:security)
      â”œâ”€â”€ [1mtesting[0m (shared, shared:testing)
      â”œâ”€â”€ [1mui[0m (shared, shared:ui)
      â”œâ”€â”€ [1mui-messaging[0m (shared, shared:ui-messaging)
      â””â”€â”€ [1mutil[0m (shared, shared:util)
